🚨 CRITICAL: RUNNING REVIEW REQUEST BACKEND TESTING
================================================================================
Testing specific endpoints mentioned in review request:
- JWT Authentication Endpoints (/api/gamification/leaderboard, /api/gamification/progress)
- Subscription Check Access (/api/subscription/check-access)
- Mock Test Generation (/api/mock-tests/generate)
- Plan Upgrade API (/api/subscription/upgrade)
================================================================================
🚨 CRITICAL: REVIEW REQUEST BACKEND TESTING
================================================================================
Focus Areas:
1. JWT Authentication Endpoints (Leaderboard & Progress)
2. Subscription Check Access 402 Status Codes
3. Mock Test Generation 402 Status Codes
4. Plan Upgrade API Parameter Format
================================================================================

🔐 AUTHENTICATION SETUP

🔍 Testing User Login...
   URL: https://dhruv-frontend-test.preview.emergentagent.com/api/auth/login
   Method: POST
❌ Failed - Error: HTTPSConnectionPool(host='mocktest-flow.preview.emergentagent.com', port=443): Read timed out. (read timeout=30)
❌ Failed to authenticate with test@dhruvai.com/password123

❌ REVIEW REQUEST BACKEND TESTING FAILED!
🚨 Critical issues found that need immediate attention
